


                              Fusion Compiler (TM)

                Version V-2023.12-SP5 for linux64 - Aug 01, 2024
                           Base build date 2024-07-01

                    Copyright (c) 1988 - 2024 Synopsys, Inc.
   This software and the associated documentation are proprietary to Synopsys,
 Inc. This software may only be used in accordance with the terms and conditions
 of a written license agreement with Synopsys, Inc. All other use, reproduction,
   or distribution of this software is strictly prohibited.  Licensed Products
     communicate with Synopsys servers for the purpose of providing software
    updates, detecting software piracy and verifying that customers are using
    Licensed Products in conformity with the applicable License Key for such
  Licensed Products. Synopsys will use information gathered in connection with
    this process to deliver software updates and pursue software pirates and
                                   infringers.

 Inclusivity & Diversity - Visit SolvNetPlus to read the "Synopsys Statement on
            Inclusivity and Diversity" (Refer to article 000036315 at
                        https://solvnetplus.synopsys.com)
 
#=============================================================================
# smoke.tcl : RTL read + elaborate + link sanity check (NO compile)
# Goal: verify all source files parse, hierarchy resolves, no undefined
#       references -- before committing to a long compile_ultra run.
#=============================================================================
set ::CLK_PERIOD_NS     1.4
1.4
set ::TOP               ct_mmu_top
ct_mmu_top
set ::USE_SRAM_BLACKBOX 1
1
set ::FC_DIR            /x2025/GPrj1/IC1/mmu_verification/syn/fc
/x2025/GPrj1/IC1/mmu_verification/syn/fc
set ::LOG_DIR           $::FC_DIR/logs
/x2025/GPrj1/IC1/mmu_verification/syn/fc/logs
file mkdir $::LOG_DIR
# source library setup
source $::FC_DIR/.synopsys_fc.setup
.synopsys_fc.setup loaded: ASAP7 RVT TT, target=5 libs
echo "============================================================"
============================================================
echo " SMOKE TEST : RTL parse + elaborate + link"
 SMOKE TEST : RTL parse + elaborate + link
echo "============================================================"
============================================================
set t0 [clock seconds]
1783051898
set rtl_root /x2025/GPrj1/IC1/mmu_verification/mmu/rtl
/x2025/GPrj1/IC1/mmu_verification/mmu/rtl
set syn_src  /x2025/GPrj1/IC1/mmu_verification/syn/scripts
/x2025/GPrj1/IC1/mmu_verification/syn/scripts
if {[catch {
    analyze -format sverilog -define MMU_EXPT_TRACE_ONCE_EN -define PA_WIDTH=40 [list \
        $rtl_root/sysmap.h \
        $rtl_root/ct_mmu_dplru.v \
        $rtl_root/ct_mmu_dutlb_entry.v \
        $rtl_root/ct_mmu_dutlb_huge_entry.v \
        $rtl_root/ct_mmu_iplru.v \
        $rtl_root/ct_mmu_iutlb_entry.v \
        $rtl_root/ct_mmu_iutlb_fst_entry.v \
        $rtl_root/ct_mmu_l2tlb_data_array.sv \
        $rtl_root/ct_mmu_l2tlb_rrpv_array.sv \
        $rtl_root/ct_mmu_l2tlb_tag_array.sv \
        $rtl_root/ct_mmu_regs.v \
        $rtl_root/ct_mmu_sysmap_hit.v \
        $rtl_root/ct_mmu_sysmap.v \
        $rtl_root/ct_mmu_tlboper.v \
        $rtl_root/L1PDE_cache.sv \
        $rtl_root/L2PDE_cache.sv \
        $rtl_root/mbuf_entry.sv \
        $rtl_root/mmu_arb.sv \
        $rtl_root/mmu_l1dtlb_allocator.sv \
        $rtl_root/mmu_l1dtlb_expt_cam.sv \
        $rtl_root/mmu_l1dtlb_hit_rd.sv \
        $rtl_root/mmu_l1dtlb_install.sv \
        $rtl_root/mmu_l1dtlb_mb_entry.sv \
        $rtl_root/mmu_l1dtlb_scheduler.sv \
        $rtl_root/mmu_l1dtlb.sv \
        $rtl_root/mmu_l1itlb.sv \
        $rtl_root/mmu_l2tlb_mb_entry.sv \
        $rtl_root/mmu_l2tlb_mb.sv \
        $rtl_root/mmu_l2tlb_replacement_policy.sv \
        $rtl_root/mmu_l2tlb_reqq_entry.sv \
        $rtl_root/mmu_l2tlb_reqq.sv \
        $::FC_DIR/scripts/mmu_l2tlb_rrpv_wbuf_fc.sv \
        $rtl_root/mmu_l2tlb.sv \
        $rtl_root/one_to_four_xbar.sv \
        $rtl_root/PDE_cache.sv \
        $rtl_root/pplru.sv \
        $rtl_root/ptw_mbuf.sv \
        $rtl_root/ptw.sv \
        $rtl_root/twu.sv \
        $rtl_root/relate_rtl/clk/gated_clk_cell.v \
        $rtl_root/relate_rtl/rtu/ct_rtu_compare_iid.v \
        $rtl_root/ct_spsram_256x196.v \
        $rtl_root/ct_spsram_256x84.v \
        $rtl_root/ct_spram_wrapper.sv \
        $::FC_DIR/scripts/sram_blackboxes.v \
        $rtl_root/ct_mmu_top.v \
    ]
} err]} {
    echo "ERROR during analyze: $err"
}
Warning: duplicate option '-define' overrides previous value. (CMD-018)
Running PRESTO HDLC
Compiling source file /x2025/GPrj1/IC1/mmu_verification/mmu/rtl/sysmap.h
Compiling source file /x2025/GPrj1/IC1/mmu_verification/mmu/rtl/ct_mmu_dplru.v
Compiling source file /x2025/GPrj1/IC1/mmu_verification/mmu/rtl/ct_mmu_dutlb_entry.v
Compiling source file /x2025/GPrj1/IC1/mmu_verification/mmu/rtl/ct_mmu_dutlb_huge_entry.v
Compiling source file /x2025/GPrj1/IC1/mmu_verification/mmu/rtl/ct_mmu_iplru.v
Compiling source file /x2025/GPrj1/IC1/mmu_verification/mmu/rtl/ct_mmu_iutlb_entry.v
Compiling source file /x2025/GPrj1/IC1/mmu_verification/mmu/rtl/ct_mmu_iutlb_fst_entry.v
Compiling source file /x2025/GPrj1/IC1/mmu_verification/mmu/rtl/ct_mmu_l2tlb_data_array.sv
Compiling source file /x2025/GPrj1/IC1/mmu_verification/mmu/rtl/ct_mmu_l2tlb_rrpv_array.sv
Compiling source file /x2025/GPrj1/IC1/mmu_verification/mmu/rtl/ct_mmu_l2tlb_tag_array.sv
Compiling source file /x2025/GPrj1/IC1/mmu_verification/mmu/rtl/ct_mmu_regs.v
Compiling source file /x2025/GPrj1/IC1/mmu_verification/mmu/rtl/ct_mmu_sysmap_hit.v
Compiling source file /x2025/GPrj1/IC1/mmu_verification/mmu/rtl/ct_mmu_sysmap.v
Compiling source file /x2025/GPrj1/IC1/mmu_verification/mmu/rtl/ct_mmu_tlboper.v
Warning:  /x2025/GPrj1/IC1/mmu_verification/mmu/rtl/ct_mmu_tlboper.v:278: Parameter keyword used in local parameter declaration. (VER-329)
Compiling source file /x2025/GPrj1/IC1/mmu_verification/mmu/rtl/L1PDE_cache.sv
Warning:  /x2025/GPrj1/IC1/mmu_verification/mmu/rtl/L1PDE_cache.sv:127: the undeclared symbol 'L1PDE_hit' assumed to have the default net type, which is 'wire'. (VER-936)
Compiling source file /x2025/GPrj1/IC1/mmu_verification/mmu/rtl/L2PDE_cache.sv
Warning:  /x2025/GPrj1/IC1/mmu_verification/mmu/rtl/L2PDE_cache.sv:143: the undeclared symbol 'L2PDE_hit' assumed to have the default net type, which is 'wire'. (VER-936)
Compiling source file /x2025/GPrj1/IC1/mmu_verification/mmu/rtl/mbuf_entry.sv
Compiling source file /x2025/GPrj1/IC1/mmu_verification/mmu/rtl/mmu_arb.sv
Warning:  /x2025/GPrj1/IC1/mmu_verification/mmu/rtl/mmu_arb.sv:329: the undeclared symbol 'tlboper_wen' assumed to have the default net type, which is 'wire'. (VER-936)
Warning:  /x2025/GPrj1/IC1/mmu_verification/mmu/rtl/mmu_arb.sv:568: the undeclared symbol 'tlboper_idx_not_va_sel' assumed to have the default net type, which is 'wire'. (VER-936)
Compiling source file /x2025/GPrj1/IC1/mmu_verification/mmu/rtl/mmu_l1dtlb_allocator.sv
Compiling source file /x2025/GPrj1/IC1/mmu_verification/mmu/rtl/mmu_l1dtlb_expt_cam.sv
Compiling source file /x2025/GPrj1/IC1/mmu_verification/mmu/rtl/mmu_l1dtlb_hit_rd.sv
Warning:  /x2025/GPrj1/IC1/mmu_verification/mmu/rtl/mmu_l1dtlb_hit_rd.sv:87: Parameter keyword used in local parameter declaration. (VER-329)
Compiling source file /x2025/GPrj1/IC1/mmu_verification/mmu/rtl/mmu_l1dtlb_install.sv
Compiling source file /x2025/GPrj1/IC1/mmu_verification/mmu/rtl/mmu_l1dtlb_mb_entry.sv
Compiling source file /x2025/GPrj1/IC1/mmu_verification/mmu/rtl/mmu_l1dtlb_scheduler.sv
Compiling source file /x2025/GPrj1/IC1/mmu_verification/mmu/rtl/mmu_l1dtlb.sv
Warning:  /x2025/GPrj1/IC1/mmu_verification/mmu/rtl/mmu_l1dtlb.sv:1104: the undeclared symbol 'l1dtlb_entry_gating_clr' assumed to have the default net type, which is 'wire'. (VER-936)
Compiling source file /x2025/GPrj1/IC1/mmu_verification/mmu/rtl/mmu_l1itlb.sv
Compiling source file /x2025/GPrj1/IC1/mmu_verification/mmu/rtl/mmu_l2tlb_mb_entry.sv
Compiling source file /x2025/GPrj1/IC1/mmu_verification/mmu/rtl/mmu_l2tlb_mb.sv
Compiling source file /x2025/GPrj1/IC1/mmu_verification/mmu/rtl/mmu_l2tlb_replacement_policy.sv
Compiling source file /x2025/GPrj1/IC1/mmu_verification/mmu/rtl/mmu_l2tlb_reqq_entry.sv
Compiling source file /x2025/GPrj1/IC1/mmu_verification/mmu/rtl/mmu_l2tlb_reqq.sv
Compiling source file /x2025/GPrj1/IC1/mmu_verification/syn/fc/scripts/mmu_l2tlb_rrpv_wbuf_fc.sv
Compiling source file /x2025/GPrj1/IC1/mmu_verification/mmu/rtl/mmu_l2tlb.sv
Warning:  /x2025/GPrj1/IC1/mmu_verification/mmu/rtl/mmu_l2tlb.sv:866: the undeclared symbol 'l2tlb_arb_par_clr' assumed to have the default net type, which is 'wire'. (VER-936)
Warning:  /x2025/GPrj1/IC1/mmu_verification/mmu/rtl/mmu_l2tlb.sv:1160: the undeclared symbol 'ptw_l2tlb_dmiss' assumed to have the default net type, which is 'wire'. (VER-936)
Warning:  /x2025/GPrj1/IC1/mmu_verification/mmu/rtl/mmu_l2tlb.sv:1161: the undeclared symbol 'ptw_l2tlb_imiss' assumed to have the default net type, which is 'wire'. (VER-936)
Warning:  /x2025/GPrj1/IC1/mmu_verification/mmu/rtl/mmu_l2tlb.sv:1162: the undeclared symbol 'ptw_l2tlb_pmiss' assumed to have the default net type, which is 'wire'. (VER-936)
Warning:  /x2025/GPrj1/IC1/mmu_verification/mmu/rtl/mmu_l2tlb.sv:1339: Parameter keyword used in local parameter declaration. (VER-329)
Compiling source file /x2025/GPrj1/IC1/mmu_verification/mmu/rtl/one_to_four_xbar.sv
Compiling source file /x2025/GPrj1/IC1/mmu_verification/mmu/rtl/PDE_cache.sv
Compiling source file /x2025/GPrj1/IC1/mmu_verification/mmu/rtl/pplru.sv
Compiling source file /x2025/GPrj1/IC1/mmu_verification/mmu/rtl/ptw_mbuf.sv
Compiling source file /x2025/GPrj1/IC1/mmu_verification/mmu/rtl/ptw.sv
Warning:  /x2025/GPrj1/IC1/mmu_verification/mmu/rtl/ptw.sv:232: the undeclared symbol 'ptw_clk_en' assumed to have the default net type, which is 'wire'. (VER-936)
Warning:  /x2025/GPrj1/IC1/mmu_verification/mmu/rtl/ptw.sv:236: the undeclared symbol 'ptw_clk' assumed to have the default net type, which is 'wire'. (VER-936)
Warning:  /x2025/GPrj1/IC1/mmu_verification/mmu/rtl/ptw.sv:326: the undeclared symbol 'xbar_pde_ready' assumed to have the default net type, which is 'wire'. (VER-936)
Warning:  /x2025/GPrj1/IC1/mmu_verification/mmu/rtl/ptw.sv:547: the undeclared symbol 'acc_err_grant' assumed to have the default net type, which is 'wire'. (VER-936)
Warning:  /x2025/GPrj1/IC1/mmu_verification/mmu/rtl/ptw.sv:549: the undeclared symbol 'ref_grant' assumed to have the default net type, which is 'wire'. (VER-936)
Compiling source file /x2025/GPrj1/IC1/mmu_verification/mmu/rtl/twu.sv
Warning:  /x2025/GPrj1/IC1/mmu_verification/mmu/rtl/twu.sv:1302: Parameter keyword used in local parameter declaration. (VER-329)
Compiling source file /x2025/GPrj1/IC1/mmu_verification/mmu/rtl/relate_rtl/clk/gated_clk_cell.v
Compiling source file /x2025/GPrj1/IC1/mmu_verification/mmu/rtl/relate_rtl/rtu/ct_rtu_compare_iid.v
Compiling source file /x2025/GPrj1/IC1/mmu_verification/mmu/rtl/ct_spsram_256x196.v
Compiling source file /x2025/GPrj1/IC1/mmu_verification/mmu/rtl/ct_spsram_256x84.v
Compiling source file /x2025/GPrj1/IC1/mmu_verification/mmu/rtl/ct_spram_wrapper.sv
Compiling source file /x2025/GPrj1/IC1/mmu_verification/syn/fc/scripts/sram_blackboxes.v
Error:  /x2025/GPrj1/IC1/mmu_verification/syn/fc/scripts/sram_blackboxes.v:22: Syntax error at or near token 'black_box'. (VER-294)
Error:  Cannot recover from previous errors. (VER-518)
*** Presto compilation terminated with 2 errors. ***
Error: Presto analyze failed 
Elapsed = 00:00:00.49, CPU = 00:00:00.23
echo "(1/3) analyze OK"
(1/3) analyze OK
if {[catch {elaborate $::TOP} err]} {
    echo "ERROR during elaborate: $err"
}
Error: In elaborate -hdl_library WORK: Module 'ct_mmu_top' cannot be found for elaboration. (ELAB-357)
Elapsed = 00:00:00.04, CPU = 00:00:00.04
# verify the top design now exists in the design DB
if {[llength [get_designs -quiet $::TOP]] == 0} {
    echo "******************************************************"
    echo " FATAL: $::TOP not found after elaborate."
    echo "        Search log for 'VER-' / 'Presto analyze failed'."
    echo "******************************************************"
    exit 1
}
******************************************************
 FATAL: ct_mmu_top not found after elaborate.
        Search log for 'VER-' / 'Presto analyze failed'.
******************************************************
Maximum memory usage for this session: 1916.97 MB
Maximum memory usage for this session including child processes: 1916.97 MB
CPU usage for this session:      5 seconds (  0.00 hours)
Elapsed time for this session:      9 seconds (  0.00 hours)
Thank you for using Fusion Compiler.
