
                              Library Manager (TM)

                Version V-2023.12-SP5 for linux64 - Aug 01, 2024
                           Base build date 2024-07-01

                    Copyright (c) 1988 - 2024 Synopsys, Inc.
   This software and the associated documentation are proprietary to Synopsys,
 Inc. This software may only be used in accordance with the terms and conditions
 of a written license agreement with Synopsys, Inc. All other use, reproduction,
   or distribution of this software is strictly prohibited.  Licensed Products
     communicate with Synopsys servers for the purpose of providing software
    updates, detecting software piracy and verifying that customers are using
    Licensed Products in conformity with the applicable License Key for such
  Licensed Products. Synopsys will use information gathered in connection with
    this process to deliver software updates and pursue software pirates and
                                   infringers.

 Inclusivity & Diversity - Visit SolvNetPlus to read the "Synopsys Statement on
            Inclusivity and Diversity" (Refer to article 000036315 at
                        https://solvnetplus.synopsys.com)
 
#=============================================================================
# Library preparation : ASAP7 RVT/TT .lib + LEF  ->  NDM library
#=============================================================================
set PDK_DIR  "/home/IC1/tools/asap7/asap7sc7p5t_28"
/home/IC1/tools/asap7/asap7sc7p5t_28
set NLDM_DIR "$PDK_DIR/LIB/NLDM"
/home/IC1/tools/asap7/asap7sc7p5t_28/LIB/NLDM
set LEF_DIR   "$PDK_DIR/LEF"
/home/IC1/tools/asap7/asap7sc7p5t_28/LEF
set TECH_LEF  "$PDK_DIR/techlef_misc/asap7_tech_1x_201209.lef"
/home/IC1/tools/asap7/asap7sc7p5t_28/techlef_misc/asap7_tech_1x_201209.lef
set OUT_DIR   "/x2025/GPrj1/IC1/mmu_verification/syn/fc/lib_prep"
/x2025/GPrj1/IC1/mmu_verification/syn/fc/lib_prep
set CELL_LEFS [list "$LEF_DIR/asap7sc7p5t_28_R_1x_220121a.lef"]
/home/IC1/tools/asap7/asap7sc7p5t_28/LEF/asap7sc7p5t_28_R_1x_220121a.lef
set LIBS [list \
    $NLDM_DIR/asap7sc7p5t_SIMPLE_RVT_TT_nldm_211120.lib \
    $NLDM_DIR/asap7sc7p5t_INVBUF_RVT_TT_nldm_220122.lib \
    $NLDM_DIR/asap7sc7p5t_SEQ_RVT_TT_nldm_220123.lib    \
    $NLDM_DIR/asap7sc7p5t_AO_RVT_TT_nldm_211120.lib     \
    $NLDM_DIR/asap7sc7p5t_OA_RVT_TT_nldm_211120.lib     \
]
/home/IC1/tools/asap7/asap7sc7p5t_28/LIB/NLDM/asap7sc7p5t_SIMPLE_RVT_TT_nldm_211120.lib /home/IC1/tools/asap7/asap7sc7p5t_28/LIB/NLDM/asap7sc7p5t_INVBUF_RVT_TT_nldm_220122.lib /home/IC1/tools/asap7/asap7sc7p5t_28/LIB/NLDM/asap7sc7p5t_SEQ_RVT_TT_nldm_220123.lib /home/IC1/tools/asap7/asap7sc7p5t_28/LIB/NLDM/asap7sc7p5t_AO_RVT_TT_nldm_211120.lib /home/IC1/tools/asap7/asap7sc7p5t_28/LIB/NLDM/asap7sc7p5t_OA_RVT_TT_nldm_211120.lib
# 1. create empty workspace (NO -technology; tech comes from the tech LEF)
create_workspace asap7_rvt_tt
... created workspace asap7_rvt_tt
# 2. read LEFs: tech + cell physical. tech LEF establishes routing layers/sites
if {[catch {read_lef [concat $TECH_LEF $CELL_LEFS]} lefmsg]} {
    echo "ERROR read_lef: $lefmsg"
} else {
    echo "read_lef OK"
}
Information: The default value of lib.workspace.library_developer_mode will be 'true' in future release. (LMUI-054)
Information: Loading LEF file '/home/IC1/tools/asap7/asap7sc7p5t_28/techlef_misc/asap7_tech_1x_201209.lef' (FILE-007)
Information: Read LEF into a new library 'asap7_tech_1x_201209'. (LEFR-022)
Error: The library has no technology information. (LEFR-012)
read_lef OK
# 3. read timing (.lib)
if {[catch {read_lib $LIBS} libmsg]} {
    echo "ERROR read_lib: $libmsg"
} e
Terminated.

Stack trace for crashing thread
-------------------------------
SNPSee_72fe6ee5e6adf88ac107a01d196ffb8ed40842348ffb0f8b+36
SNPSee_9ea8dbbd5e74784445edf9ed12a0bc4777b489dcaefdb88f6aa47f4097fccf5e+124
SNPSee_9ea8dbbd5e74784484d3cce2fced02c05a3783bc3b9f8fad49ba3bacacc1ac73ecf347a38534d06f+2085
_L_unlock_13+52
__read_nocancel+34
_IO_file_underflow+340
_IO_default_uflow+50
_IO_getline_info+164
fgets+166
SNPSee_5d373cd896410e630e5be4cb01b4f045+103
SNPSee_84819e9227b2e0aa9cae34dc8be3b8a5cd8f264d30f37d0c6a8e358e8cb885004984e24a8c4868b7af29ce1919d3f9852683413c29440db55976ece412914bf7aae086d558d8e56cf6aad19cb919f4191408ebcf3080fe7b+137
SNPSee_3ed686e8d4a659b5b71ddd12e447f33917cbb8a33ac076760fc4c1bbbacc2de678ec65c28e5937c601c2ef47280b3679+127
SNPSee_e52978
Terminated.

Stack trace for crashing thread
-------------------------------
SNPSee_72fe6ee5e6adf88ac107a01d196ffb8ed40842348ffb0f8b+36
SNPSee_9ea8dbbd5e74784445edf9ed12a0bc4777b489dcaefdb88f6aa47f4097fccf5e+124
SNPSee_9ea8dbbd5e74784484d3cce2fced02c05a3783bc3b9f8fad49ba3bacacc1ac73ecf347a38534d06f+2085
_L_unlock_13+52
__read_nocancel+34
_IO_file_underflow+340
_IO_default_uflow+50
_IO_getline_info+164
fgets+166
SNPSee_5d373cd896410e630e5be4cb01b4f045+103
SNPSee_84819e9227b2e0aa9cae34dc8be3b8a5cd8f264d30f37d0c6a8e358e8cb885004984e24a8c4868b7af29ce1919d3f9852683413c29440db55976ece412914bf7aae086d558d8e56cf6aad19cb919f4191408ebcf3080fe7b+137
SNPSee_3ed686e8d4a659b5b71ddd12e447f33917cbb8a33ac076760fc4c1bbbacc2de678ec65c28e5937c601c2ef47280b3679+127
SNPSee_e52978fb95288b35702010462a2fb7521b19e6c7de02e749f68bb351c5fdf77d77dcb6d7ca3d86dfab86a645dee82a58b2bd32436fe9252678dfa79a3e0c83bf+189
SNPSee_b81f4656f0d7d3ca1b0bca755b60caea2cb50375ef5e9df280c2a7ba1e2ca19f7750e3d580600edd04a01dc4363d697fcd6b18c4d0ab558c+716
SNPSee_b3a63ca9beb66366a2beecdfa325f5f850e37c16b964335ba934f8a7afefeaf1+989
SNPSee_5a24f30b88271223+3302
__libc_start_main+245
SNPSee_d06eed713327be76+41

A detailed stack trace has been captured in /x2025/GPrj1/IC1/mmu_verification/syn/fc/lib_prep/Synopsys_stack_trace_30444.txt.

The tool has just encountered a fatal error:

If you encountered this fatal error when using the most recent
Synopsys release, submit the above stack trace and a test case that
reproduces the problem to the Synopsys Support Center by using
Enter A Call at http://solvnet.synopsys.com/EnterACall.

* For information about the latest software releases, go to the Synopsys
  SolvNet Release Library at http://solvnet.synopsys.com/ReleaseLibrary.

* For information about required Operating System patches, go to
  http://www.synopsys.com/support


Fatal: Internal system error, cannot recover.
Error code=15
CPU time=4

Release = 'V-2023.12-SP5'  Architecture = 'linux64'  Program = 'Library Manager'
Exec = '/mnt/tools/synopsys/fc/V-2023.12-SP5/linux64/nwtn/bin/lm_shell_exec'

'216826053 140291066943024 140290942212955 140290941738324 140290941742882 140290941689044 140290941684438 217989127 227859769 91075327 91057565 87355388 211558765 60126582 140290941371733 60112937'

A snapshot of runtime data has been captured in /x2025/GPrj1/IC1/mmu_verification/syn/fc/lib_prep/crte_000030444.txt
